[03:05:24] train-fold-0
Input Notebook:  Phase2_A0_10fold_PaperExact.ipynb
Output Notebook: /workspace/out/executed/fold_0.ipynb
Unable to parse line 1 'FOLDS_TO_TRAIN = []          # [k] on a pod, list(range(10)) on one machine, [] = only build the tables'.
Unable to parse line 7 'N_WORKERS = None             # augmentation processes; None = CPUs the container allows - 2'.
Passed unknown parameter: FOLDS_TO_TRAIN
Passed unknown parameter: N_WORKERS
[IPKernelApp] WARNING | Kernel is running over TCP without encryption. All communication (including code and outputs) is sent in plain text and is susceptible to eavesdropping. Use IPC transport or launch with kernel manager-provisioned CurveZMQ keys to enable transport encryption.
Executing notebook with kernel: paper311
Executing Cell 1---------------------------------------
Ending Cell 1------------------------------------------
Executing Cell 2---------------------------------------
Ending Cell 2------------------------------------------
Executing Cell 3---------------------------------------
Ending Cell 3------------------------------------------
Executing Cell 4---------------------------------------
Ending Cell 4------------------------------------------
Executing Cell 5---------------------------------------
Recipe (from the paper's code): {"SEED": 1234, "KFOLD": 10, "KFOLD_SEED": 50, "EPOCHS": 33, "BATCH_SIZE": 16, "IMG_SIZE": 224, "LR": 0.0001, "LR_FACTOR": 0.5, "PATIENCE": 6, "MIN_LR": 1e-06, "LABEL_SMOOTHING": 0.1, "VAL_FRACTION": 0.2, "WEIGHTS": "noisy-student", "DENSE": [128, 64, 32], "DROPOUT": 0.3}
Folds to train here: [0]

Ending Cell 5------------------------------------------
Executing Cell 6---------------------------------------
Ending Cell 6------------------------------------------
Executing Cell 7---------------------------------------
Images: 27,558 {'Parasitized': 13779, 'Uninfected': 13779}

                                              paper              ours
CV (learning) set                            22,046            22,046
hold-out set                                  5,512             5,512
hold-out parasitized / uninfected     2,744 / 2,768     2,730 / 2,782
training images per fold           19,841 or 19,842  19,841 or 19,842
test images per fold                 2,205 or 2,204    2,205 or 2,204
Split fingerprint: a0cc112e4a820ffb

Ending Cell 7------------------------------------------
Executing Cell 8---------------------------------------
Ending Cell 8------------------------------------------
Executing Cell 9---------------------------------------
Compose([
  RandomRotate90(always_apply=False, p=0.5),
  Flip(always_apply=False, p=0.5),
  Transpose(always_apply=False, p=0.5),
  OneOf([
    IAAAdditiveGaussianNoise(always_apply=False, p=0.5, loc=0, scale=(2.5500000000000003, 12.75), per_channel=False),
    GaussNoise(always_apply=False, p=0.5, var_limit=(10.0, 50.0)),
  ], p=0.2),
  OneOf([
    MotionBlur(always_apply=False, p=0.2, blur_limit=(3, 7)),
    MedianBlur(always_apply=False, p=0.1, blur_limit=(3, 3)),
    Blur(always_apply=False, p=0.1, blur_limit=(3, 3)),
  ], p=0.3),
  ShiftScaleRotate(always_apply=False, p=0.2, shift_limit_x=(-0.0625, 0.0625), shift_limit_y=(-0.0625, 0.0625), scale_limit=(-0.19999999999999996, 0.19999999999999996), rotate_limit=(-45, 45), interpolation=1, border_mode=4, value=None, mask_value=None),
  OneOf([
    OpticalDistortion(always_apply=False, p=0.3, distort_limit=(-0.05, 0.05), shift_limit=(-0.05, 0.05), interpolation=1, border_mode=4, value=None, mask_value=None),
    GridDistortion(always_apply=False, p=0.1, num_steps=5, distort_limit=(-0.3, 0.3), interpolation=1, border_mode=4, value=None, mask_value=None),
    IAAPiecewiseAffine(always_apply=False, p=0.3, scale=(0.03, 0.05), nb_rows=4, nb_cols=4, order=1, cval=0, mode='constant'),
  ], p=0.3),
  OneOf([
    CLAHE(always_apply=False, p=0.5, clip_limit=(1, 2), tile_grid_size=(8, 8)),
    IAASharpen(always_apply=False, p=0.5, alpha=(0.2, 0.5), lightness=(0.5, 1.0)),
    IAAEmboss(always_apply=False, p=0.5, alpha=(0.2, 0.5), strength=(0.2, 0.7)),
    RandomContrast(always_apply=False, p=0.5, limit=(-0.2, 0.2)),
    RandomBrightness(always_apply=False, p=0.5, limit=(-0.2, 0.2)),
  ], p=0.3),
], p=1, bbox_params=None, keypoint_params=None, additional_targets={})

<Figure size 1500x460 with 14 Axes>
Ending Cell 9------------------------------------------
Executing Cell 10--------------------------------------
Ending Cell 10-----------------------------------------
Executing Cell 11--------------------------------------
2026-10-06 03:05:27.109037: E external/local_xla/xla/stream_executor/cuda/cuda_dnn.cc:9261] Unable to register cuDNN factory: Attempting to register factory for plugin cuDNN when one has already been registered
2026-10-06 03:05:27.109073: E external/local_xla/xla/stream_executor/cuda/cuda_fft.cc:607] Unable to register cuFFT factory: Attempting to register factory for plugin cuFFT when one has already been registered
2026-10-06 03:05:27.110014: E external/local_xla/xla/stream_executor/cuda/cuda_blas.cc:1515] Unable to register cuBLAS factory: Attempting to register factory for plugin cuBLAS when one has already been registered
2026-10-06 03:05:27.109037: E external/local_xla/xla/stream_executor/cuda/cuda_dnn.cc:9261] Unable to register cuDNN factory: Attempting to register factory for plugin cuDNN when one has already been registered
2026-10-06 03:05:27.109073: E external/local_xla/xla/stream_executor/cuda/cuda_fft.cc:607] Unable to register cuFFT factory: Attempting to register factory for plugin cuFFT when one has already been registered
2026-10-06 03:05:27.110014: E external/local_xla/xla/stream_executor/cuda/cuda_blas.cc:1515] Unable to register cuBLAS factory: Attempting to register factory for plugin cuBLAS when one has already been registered

2026-10-06 03:05:27.555354: W tensorflow/compiler/tf2tensorrt/utils/py_utils.cc:38] TF-TRT Warning: Could not find TensorRT
2026-10-06 03:05:27.555354: W tensorflow/compiler/tf2tensorrt/utils/py_utils.cc:38] TF-TRT Warning: Could not find TensorRT

TensorFlow 2.15.1 | GPUs: ['NVIDIA GeForce RTX 4090']

                  paper (Table 2)     ours
total parameters          4223934  4223934
trainable                 4181918  4181918
non-trainable               42016    42016
Ending Cell 11-----------------------------------------
Executing Cell 12--------------------------------------
Ending Cell 12-----------------------------------------
Executing Cell 13--------------------------------------
Image cache built in 2 s

************************************************** 
** Model: EfficientNetB0    fold: 0   (11 augmentation workers)
Found 19841 / 2205 / 5512 images (train / test / validation)

Epoch 1/33

2026-10-06 03:05:35.205557: W tensorflow/compiler/tf2xla/kernels/random_ops.cc:59] Warning: Using tf.random.uniform with XLA compilation will ignore seeds; consider using tf.random.stateless_uniform instead if reproducible behavior is desired. efficientnetb0_marques2022/efficientnet-b0/block2b_drop/dropout/random_uniform/RandomUniform
2026-10-06 03:05:35.205557: W tensorflow/compiler/tf2xla/kernels/random_ops.cc:59] Warning: Using tf.random.uniform with XLA compilation will ignore seeds; consider using tf.random.stateless_uniform instead if reproducible behavior is desired. efficientnetb0_marques2022/efficientnet-b0/block2b_drop/dropout/random_uniform/RandomUniform

WARNING: All log messages before absl::InitializeLog() is called are written to STDERR
I0000 00:00:1791255952.950931   24807 device_compiler.h:186] Compiled cluster using XLA!  This line is logged at most once for the lifetime of the process.
WARNING: All log messages before absl::InitializeLog() is called are written to STDERR
I0000 00:00:1791255952.950931   24807 device_compiler.h:186] Compiled cluster using XLA!  This line is logged at most once for the lifetime of the process.

1240/1240 - 42s - loss: 0.3396 - accuracy: 0.9335 - val_loss: 0.2698 - val_accuracy: 0.9664 - lr: 1.0000e-04 - epoch_seconds: 41.5906 - 42s/epoch - 34ms/step

Epoch 2/33

1240/1240 - 19s - loss: 0.2894 - accuracy: 0.9614 - val_loss: 0.2605 - val_accuracy: 0.9664 - lr: 1.0000e-04 - epoch_seconds: 19.2492 - 19s/epoch - 16ms/step

Epoch 3/33

1240/1240 - 19s - loss: 0.2769 - accuracy: 0.9663 - val_loss: 0.2539 - val_accuracy: 0.9687 - lr: 1.0000e-04 - epoch_seconds: 19.0692 - 19s/epoch - 15ms/step

Epoch 4/33

1240/1240 - 19s - loss: 0.2694 - accuracy: 0.9688 - val_loss: 0.2582 - val_accuracy: 0.9683 - lr: 1.0000e-04 - epoch_seconds: 19.2402 - 19s/epoch - 16ms/step

Epoch 5/33

1240/1240 - 19s - loss: 0.2677 - accuracy: 0.9709 - val_loss: 0.2538 - val_accuracy: 0.9683 - lr: 1.0000e-04 - epoch_seconds: 19.1534 - 19s/epoch - 15ms/step

Epoch 6/33

1240/1240 - 19s - loss: 0.2639 - accuracy: 0.9710 - val_loss: 0.2549 - val_accuracy: 0.9701 - lr: 1.0000e-04 - epoch_seconds: 19.2088 - 19s/epoch - 15ms/step

Epoch 7/33

1240/1240 - 19s - loss: 0.2608 - accuracy: 0.9725 - val_loss: 0.2531 - val_accuracy: 0.9701 - lr: 1.0000e-04 - epoch_seconds: 19.1461 - 19s/epoch - 15ms/step

Epoch 8/33

1240/1240 - 19s - loss: 0.2577 - accuracy: 0.9745 - val_loss: 0.2473 - val_accuracy: 0.9732 - lr: 1.0000e-04 - epoch_seconds: 19.3134 - 19s/epoch - 16ms/step

Epoch 9/33

1240/1240 - 19s - loss: 0.2559 - accuracy: 0.9755 - val_loss: 0.2641 - val_accuracy: 0.9619 - lr: 1.0000e-04 - epoch_seconds: 19.0133 - 19s/epoch - 15ms/step

Epoch 10/33

1240/1240 - 19s - loss: 0.2533 - accuracy: 0.9767 - val_loss: 0.2454 - val_accuracy: 0.9755 - lr: 1.0000e-04 - epoch_seconds: 19.0922 - 19s/epoch - 15ms/step

Epoch 11/33

1240/1240 - 19s - loss: 0.2526 - accuracy: 0.9758 - val_loss: 0.2520 - val_accuracy: 0.9710 - lr: 1.0000e-04 - epoch_seconds: 19.2266 - 19s/epoch - 16ms/step

Epoch 12/33

1240/1240 - 19s - loss: 0.2515 - accuracy: 0.9765 - val_loss: 0.2527 - val_accuracy: 0.9701 - lr: 1.0000e-04 - epoch_seconds: 19.1429 - 19s/epoch - 15ms/step

Epoch 13/33

1240/1240 - 19s - loss: 0.2511 - accuracy: 0.9769 - val_loss: 0.2515 - val_accuracy: 0.9710 - lr: 1.0000e-04 - epoch_seconds: 19.1807 - 19s/epoch - 15ms/step

Epoch 14/33

1240/1240 - 19s - loss: 0.2491 - accuracy: 0.9782 - val_loss: 0.2496 - val_accuracy: 0.9710 - lr: 1.0000e-04 - epoch_seconds: 19.0627 - 19s/epoch - 15ms/step

Epoch 15/33

1240/1240 - 19s - loss: 0.2488 - accuracy: 0.9784 - val_loss: 0.2477 - val_accuracy: 0.9728 - lr: 1.0000e-04 - epoch_seconds: 19.3534 - 19s/epoch - 16ms/step

Epoch 16/33

1240/1240 - 19s - loss: 0.2485 - accuracy: 0.9779 - val_loss: 0.2492 - val_accuracy: 0.9710 - lr: 1.0000e-04 - epoch_seconds: 19.0989 - 19s/epoch - 15ms/step

Epoch 17/33

1240/1240 - 19s - loss: 0.2436 - accuracy: 0.9810 - val_loss: 0.2457 - val_accuracy: 0.9728 - lr: 5.0000e-05 - epoch_seconds: 19.2147 - 19s/epoch - 15ms/step

Epoch 18/33

1240/1240 - 19s - loss: 0.2421 - accuracy: 0.9818 - val_loss: 0.2434 - val_accuracy: 0.9723 - lr: 5.0000e-05 - epoch_seconds: 19.1570 - 19s/epoch - 15ms/step

Epoch 19/33

1240/1240 - 19s - loss: 0.2394 - accuracy: 0.9826 - val_loss: 0.2481 - val_accuracy: 0.9705 - lr: 5.0000e-05 - epoch_seconds: 19.3330 - 19s/epoch - 16ms/step

Epoch 20/33

1240/1240 - 19s - loss: 0.2410 - accuracy: 0.9830 - val_loss: 0.2466 - val_accuracy: 0.9723 - lr: 5.0000e-05 - epoch_seconds: 19.0270 - 19s/epoch - 15ms/step

Epoch 21/33

1240/1240 - 19s - loss: 0.2398 - accuracy: 0.9829 - val_loss: 0.2475 - val_accuracy: 0.9710 - lr: 5.0000e-05 - epoch_seconds: 19.3171 - 19s/epoch - 16ms/step

Epoch 22/33

1240/1240 - 19s - loss: 0.2371 - accuracy: 0.9849 - val_loss: 0.2425 - val_accuracy: 0.9728 - lr: 5.0000e-05 - epoch_seconds: 19.1848 - 19s/epoch - 15ms/step

Epoch 23/33

1240/1240 - 19s - loss: 0.2374 - accuracy: 0.9845 - val_loss: 0.2466 - val_accuracy: 0.9732 - lr: 5.0000e-05 - epoch_seconds: 19.3204 - 19s/epoch - 16ms/step

Epoch 24/33

1240/1240 - 19s - loss: 0.2378 - accuracy: 0.9839 - val_loss: 0.2468 - val_accuracy: 0.9719 - lr: 5.0000e-05 - epoch_seconds: 19.2299 - 19s/epoch - 16ms/step

Epoch 25/33

1240/1240 - 19s - loss: 0.2380 - accuracy: 0.9834 - val_loss: 0.2419 - val_accuracy: 0.9746 - lr: 5.0000e-05 - epoch_seconds: 19.3588 - 19s/epoch - 16ms/step

Epoch 26/33

1240/1240 - 19s - loss: 0.2363 - accuracy: 0.9851 - val_loss: 0.2502 - val_accuracy: 0.9701 - lr: 5.0000e-05 - epoch_seconds: 19.0446 - 19s/epoch - 15ms/step

Epoch 27/33

1240/1240 - 19s - loss: 0.2360 - accuracy: 0.9850 - val_loss: 0.2456 - val_accuracy: 0.9728 - lr: 5.0000e-05 - epoch_seconds: 19.0314 - 19s/epoch - 15ms/step

Epoch 28/33

1240/1240 - 19s - loss: 0.2339 - accuracy: 0.9857 - val_loss: 0.2481 - val_accuracy: 0.9692 - lr: 5.0000e-05 - epoch_seconds: 19.2403 - 19s/epoch - 16ms/step

Epoch 29/33

1240/1240 - 19s - loss: 0.2343 - accuracy: 0.9858 - val_loss: 0.2454 - val_accuracy: 0.9737 - lr: 5.0000e-05 - epoch_seconds: 19.1219 - 19s/epoch - 15ms/step

Epoch 30/33

1240/1240 - 19s - loss: 0.2331 - accuracy: 0.9867 - val_loss: 0.2487 - val_accuracy: 0.9710 - lr: 5.0000e-05 - epoch_seconds: 19.1555 - 19s/epoch - 15ms/step

Epoch 31/33

1240/1240 - 19s - loss: 0.2328 - accuracy: 0.9860 - val_loss: 0.2488 - val_accuracy: 0.9701 - lr: 5.0000e-05 - epoch_seconds: 19.0376 - 19s/epoch - 15ms/step

Epoch 32/33

1240/1240 - 19s - loss: 0.2299 - accuracy: 0.9877 - val_loss: 0.2478 - val_accuracy: 0.9701 - lr: 2.5000e-05 - epoch_seconds: 19.3234 - 19s/epoch - 16ms/step

Epoch 33/33

1240/1240 - 19s - loss: 0.2300 - accuracy: 0.9886 - val_loss: 0.2513 - val_accuracy: 0.9701 - lr: 2.5000e-05 - epoch_seconds: 19.0558 - 19s/epoch - 15ms/step

Predicting... (CV test part) 
Accuracy 0.969615
              precision    recall  f1-score   support

 Parasitized   0.977022  0.961991  0.969448      1105
  Uninfected   0.962399  0.977273  0.969779      1100

    accuracy                       0.969615      2205
   macro avg   0.969711  0.969632  0.969614      2205
weighted avg   0.969727  0.969615  0.969613      2205

Validating... (hold-out set) 
Accuracy 0.973331
              precision    recall  f1-score   support

 Parasitized   0.976744  0.969231  0.972973      2730
  Uninfected   0.970032  0.977354  0.973679      2782

    accuracy                       0.973331      5512
   macro avg   0.973388  0.973293  0.973326      5512
weighted avg   0.973356  0.973331  0.973330      5512

Best epoch 25 of 33 · training 10.9 min (median epoch 19 s) · End of Fold 0 - Elapsed Time: 00:11:02

Ending Cell 13-----------------------------------------
Executing Cell 14--------------------------------------
Ending Cell 14-----------------------------------------
Executing Cell 15--------------------------------------
Folds available: [0]  → tables need all 10 folds

Ending Cell 15-----------------------------------------
Executing Cell 16--------------------------------------
Ending Cell 16-----------------------------------------
Executing Cell 17--------------------------------------
Ending Cell 17-----------------------------------------
Executing Cell 18--------------------------------------
Ending Cell 18-----------------------------------------
Executing Cell 19--------------------------------------
Ending Cell 19-----------------------------------------
Executing Cell 20--------------------------------------
Ending Cell 20-----------------------------------------
Executing Cell 21--------------------------------------
Ending Cell 21-----------------------------------------
Executing Cell 22--------------------------------------
Ending Cell 22-----------------------------------------
Executing Cell 23--------------------------------------
Ending Cell 23-----------------------------------------
Executing Cell 24--------------------------------------
Ending Cell 24-----------------------------------------
Executing Cell 25--------------------------------------
Ending Cell 25-----------------------------------------
Executing Cell 26--------------------------------------
Ending Cell 26-----------------------------------------
[03:16:36] done-fold-0
