[03:04:16] network-check
PyPI download speed: 115 MB/s
[03:04:16] pip
Using Python 3.11.10 environment at: /usr
Resolved 119 packages in 451ms
Downloading networkx (2.0MiB)
Downloading jedi (4.7MiB)
Downloading grpcio (6.9MiB)
Downloading pandas (11.7MiB)
Downloading scipy (34.7MiB)
Downloading pygments (1.2MiB)
Downloading pillow (6.6MiB)
Downloading tensorboard-data-server (6.3MiB)
Downloading cryptography (4.5MiB)
Downloading nvidia-curand-cu12 (53.8MiB)
Downloading nvidia-cusparse-cu12 (186.2MiB)
Downloading nvidia-cufft-cu12 (94.0MiB)
Downloading fonttools (5.2MiB)
Downloading ml-dtypes (2.1MiB)
Downloading libclang (23.4MiB)
Downloading nvidia-cuda-nvcc-cu12 (20.3MiB)
Downloading nvidia-cuda-nvrtc-cu12 (22.3MiB)
Downloading tensorflow (453.2MiB)
Downloading shapely (3.0MiB)
Downloading nvidia-cusolver-cu12 (119.1MiB)
Downloading opencv-python-headless (46.8MiB)
Downloading pywavelets (4.3MiB)
Downloading tensorboard (5.3MiB)
Downloading nvidia-nvjitlink-cu12 (19.2MiB)
Downloading scikit-image (13.1MiB)
Downloading tensorflow-io-gcs-filesystem (4.9MiB)
Downloading matplotlib (11.1MiB)
Downloading nvidia-cuda-cupti-cu12 (13.3MiB)
Downloading numpy (16.3MiB)
Downloading nvidia-cudnn-cu12 (686.7MiB)
Downloading nvidia-nccl-cu12 (179.9MiB)
Downloading h5py (4.8MiB)
Downloading keras (1.6MiB)
Downloading nvidia-cublas-cu12 (398.5MiB)
Downloading kiwisolver (1.4MiB)
Downloading scikit-learn (10.4MiB)
Downloading debugpy (2.9MiB)
 Downloaded pygments
 Downloaded kiwisolver
 Downloaded keras
 Downloaded networkx
 Downloaded ml-dtypes
 Downloaded shapely
 Downloaded debugpy
 Downloaded pywavelets
 Downloaded cryptography
 Downloaded jedi
 Downloaded h5py
 Downloaded tensorflow-io-gcs-filesystem
 Downloaded tensorboard
 Downloaded fonttools
 Downloaded tensorboard-data-server
 Downloaded pillow
 Downloaded grpcio
 Downloaded scikit-learn
 Downloaded matplotlib
 Downloaded pandas
 Downloaded scikit-image
 Downloaded nvidia-cuda-cupti-cu12
 Downloaded numpy
 Downloaded nvidia-nvjitlink-cu12
 Downloaded nvidia-cuda-nvcc-cu12
 Downloaded nvidia-cuda-nvrtc-cu12
 Downloaded libclang
 Downloaded scipy
 Downloaded opencv-python-headless
 Downloaded nvidia-curand-cu12
 Downloaded nvidia-cufft-cu12
 Downloaded nvidia-cusolver-cu12
 Downloaded nvidia-nccl-cu12
 Downloaded nvidia-cusparse-cu12
 Downloaded nvidia-cublas-cu12
 Downloaded tensorflow
 Downloaded nvidia-cudnn-cu12
Prepared 112 packages in 29.98s
Uninstalled 53 packages in 877ms
Installed 112 packages in 1.22s
 + absl-py==2.5.0
 - asttokens==2.4.1
 + asttokens==3.0.2
 + astunparse==1.6.3
 - attrs==24.2.0
 + attrs==26.1.0
 - certifi==2024.8.30
 + certifi==2026.7.22
 - cffi==1.17.1
 + cffi==2.1.1
 - charset-normalizer==3.3.2
 + charset-normalizer==3.5.2
 + click==8.5.0
 + cloudpickle==3.1.2
 - comm==0.2.2
 + comm==0.2.3
 + contourpy==1.3.2
 + cryptography==50.0.2
 + cycler==0.12.1
 - debugpy==1.8.5
 + debugpy==1.8.22
 + efficientnet==1.1.1
 - executing==2.1.0
 + executing==2.2.1
 - fastjsonschema==2.20.0
 + fastjsonschema==2.22.2
 + flatbuffers==25.12.19
 + fonttools==4.66.1
 + gast==0.7.0
 + google-auth==2.60.0
 + google-auth-oauthlib==1.5.0
 + google-pasta==0.2.0
 + grpcio==1.84.0
 + h5py==3.16.0
 - idna==3.10
 + idna==3.20
 + imageio==2.38.0
 - ipykernel==6.29.5
 + ipykernel==7.4.0
 - ipython==8.27.0
 + ipython==9.17.1
 + ipython-pygments-lexers==1.1.1
 - jedi==0.19.1
 + jedi==0.20.0
 + joblib==1.6.0
 - jsonschema==4.23.0
 + jsonschema==4.26.0
 - jsonschema-specifications==2023.12.1
 + jsonschema-specifications==2025.9.1
 - jupyter-client==7.4.9
 + jupyter-client==8.10.0
 - jupyter-core==5.7.2
 + jupyter-core==5.9.1
 + keras==2.15.0
 + keras-applications==1.0.8
 + kiwisolver==1.5.1
 + lazy-loader==0.6
 + libclang==18.1.1
 + markdown==3.11
 - markupsafe==2.1.5
 + markupsafe==3.0.4
 + matplotlib==3.8.2
 - matplotlib-inline==0.1.7
 + matplotlib-inline==0.2.2
 + ml-dtypes==0.3.2
 - nbclient==0.10.0
 + nbclient==0.11.0
 - nbformat==5.10.4
 + nbformat==5.11.1
 + nest-asyncio2==1.7.3
 - networkx==3.2.1
 + networkx==3.6.1
 - numpy==1.26.3
 + numpy==1.23.5
 - nvidia-cublas-cu12==12.4.2.65
 + nvidia-cublas-cu12==12.2.5.6
 - nvidia-cuda-cupti-cu12==12.4.99
 + nvidia-cuda-cupti-cu12==12.2.142
 + nvidia-cuda-nvcc-cu12==12.2.140
 - nvidia-cuda-nvrtc-cu12==12.4.99
 + nvidia-cuda-nvrtc-cu12==12.2.140
 - nvidia-cuda-runtime-cu12==12.4.99
 + nvidia-cuda-runtime-cu12==12.2.140
 - nvidia-cudnn-cu12==9.1.0.70
 + nvidia-cudnn-cu12==8.9.4.25
 - nvidia-cufft-cu12==11.2.0.44
 + nvidia-cufft-cu12==11.0.8.103
 - nvidia-curand-cu12==10.3.5.119
 + nvidia-curand-cu12==10.3.3.141
 - nvidia-cusolver-cu12==11.6.0.99
 + nvidia-cusolver-cu12==11.5.2.141
 - nvidia-cusparse-cu12==12.3.0.142
 + nvidia-cusparse-cu12==12.1.2.141
 - nvidia-nccl-cu12==2.20.5
 + nvidia-nccl-cu12==2.16.5
 - nvidia-nvjitlink-cu12==12.4.99
 + nvidia-nvjitlink-cu12==12.2.140
 + oauthlib==4.0.0
 + opencv-python-headless==4.8.1.78
 + opt-einsum==3.4.0
 - packaging==24.1
 + packaging==26.3
 + pandas==2.1.4
 + papermill==2.7.0
 - parso==0.8.4
 + parso==0.8.7
 - pillow==10.2.0
 + pillow==12.3.0
 - platformdirs==4.3.6
 + platformdirs==4.12.3
 - prompt-toolkit==3.0.47
 + prompt-toolkit==3.0.53
 + protobuf==4.25.9
 - psutil==6.0.0
 + psutil==7.2.2
 - pure-eval==0.2.3
 + pure-eval==0.2.4
 + pyasn1==0.6.4
 + pyasn1-modules==0.4.2
 - pycparser==2.22
 + pycparser==3.0
 - pygments==2.18.0
 + pygments==2.21.0
 + pyparsing==3.3.3
 + pytz==2026.5
 + pywavelets==1.8.0
 - pyyaml==6.0.2
 + pyyaml==6.0.3
 - pyzmq==24.0.1
 + pyzmq==27.2.0
 - referencing==0.35.1
 + referencing==0.37.0
 - requests==2.32.3
 + requests==2.34.2
 + requests-oauthlib==2.0.0
 - rpds-py==0.20.0
 + rpds-py==2026.9.1
 + scikit-image==0.21.0
 + scikit-learn==1.3.2
 + scipy==1.11.4
 + shapely==2.1.2
 + six==1.17.0
 + tenacity==9.1.4
 + tensorboard==2.15.2
 + tensorboard-data-server==0.7.2
 + tensorflow==2.15.1
 + tensorflow-estimator==2.15.0
 + tensorflow-io-gcs-filesystem==0.37.1
 + termcolor==3.3.0
 + threadpoolctl==3.7.0
 + tifffile==2026.3.3
 - tornado==6.4.1
 + tornado==6.5.10
 + tqdm==4.70.1
 - traitlets==5.14.3
 + traitlets==5.16.1
 - typing-extensions==4.9.0
 + typing-extensions==4.16.0
 + tzdata==2026.5
 - urllib3==2.2.3
 + urllib3==2.8.0
 - wcwidth==0.2.13
 + wcwidth==0.9.2
 + werkzeug==3.1.9
 + wrapt==1.14.2
Using Python 3.11.10 environment at: /usr
Resolved 2 packages in 101ms
Prepared 2 packages in 182ms
Installed 2 packages in 17ms
 + albumentations==0.5.2
 + imgaug==0.4.0
[03:04:51] data
/workspace/data/cell_images
[03:04:54] gpu-check
2026-10-06 03:04:55.203083: I tensorflow/core/util/port.cc:113] oneDNN custom operations are on. You may see slightly different numerical results due to floating-point round-off errors from different computation orders. To turn them off, set the environment variable `TF_ENABLE_ONEDNN_OPTS=0`.
2026-10-06 03:04:55.290145: E external/local_xla/xla/stream_executor/cuda/cuda_dnn.cc:9261] Unable to register cuDNN factory: Attempting to register factory for plugin cuDNN when one has already been registered
2026-10-06 03:04:55.290197: E external/local_xla/xla/stream_executor/cuda/cuda_fft.cc:607] Unable to register cuFFT factory: Attempting to register factory for plugin cuFFT when one has already been registered
2026-10-06 03:04:55.302503: E external/local_xla/xla/stream_executor/cuda/cuda_blas.cc:1515] Unable to register cuBLAS factory: Attempting to register factory for plugin cuBLAS when one has already been registered
2026-10-06 03:04:55.327790: I tensorflow/core/platform/cpu_feature_guard.cc:182] This TensorFlow binary is optimized to use available CPU instructions in performance-critical operations.
To enable the following instructions: AVX2 AVX512F AVX512_VNNI AVX512_BF16 FMA, in other operations, rebuild TensorFlow with the appropriate compiler flags.
2026-10-06 03:04:56.708508: W tensorflow/compiler/tf2tensorrt/utils/py_utils.cc:38] TF-TRT Warning: Could not find TensorRT
2.15.1 [PhysicalDevice(name='/physical_device:GPU:0', device_type='GPU')]
[03:04:58] ready
